// Jest Snapshot v1, https://goo.gl/fbAQLP

exports[`verify func: iterateAll 1`] = `
Array [
  Object {
    "fromCollection": "iterateEach",
    "id": 0,
    "myNum": 0,
    "myString": "obj",
  },
  Object {
    "fromCollection": "iterateEach",
    "id": 1,
    "myNum": 1.5,
    "myString": "obj",
  },
  Object {
    "fromCollection": "iterateEach",
    "id": 2,
    "myNum": 3,
    "myString": "obj",
  },
  Object {
    "fromCollection": "iterateEach",
    "id": 3,
    "myNum": 4.5,
    "myString": "obj",
  },
  Object {
    "fromCollection": "iterateEach",
    "id": 4,
    "myNum": 6,
    "myString": "obj",
  },
  Object {
    "fromCollection": "iterateEach",
    "id": 5,
    "myNum": 7.5,
    "myString": "obj",
  },
  Object {
    "fromCollection": "iterateEach",
    "id": 6,
    "myNum": 9,
    "myString": "obj",
  },
  Object {
    "fromCollection": "iterateEach",
    "id": 7,
    "myNum": 10.5,
    "myString": "obj",
  },
  Object {
    "fromCollection": "iterateEach",
    "id": 8,
    "myNum": 12,
    "myString": "obj",
  },
  Object {
    "fromCollection": "iterateEach",
    "id": 9,
    "myNum": 13.5,
    "myString": "obj",
  },
  Object {
    "fromCollection": "iterateEach",
    "id": 10,
    "myNum": 15,
    "myString": "obj",
  },
  Object {
    "fromCollection": "iterateEach",
    "id": 11,
    "myNum": 16.5,
    "myString": "obj",
  },
  Object {
    "fromCollection": "iterateEach",
    "id": 12,
    "myNum": 18,
    "myString": "obj",
  },
  Object {
    "fromCollection": "iterateEach",
    "id": 13,
    "myNum": 19.5,
    "myString": "obj",
  },
  Object {
    "fromCollection": "iterateEach",
    "id": 14,
    "myNum": 21,
    "myString": "obj",
  },
  Object {
    "fromCollection": "iterateEach",
    "id": 15,
    "myNum": 22.5,
    "myString": "obj",
  },
  Object {
    "fromCollection": "iterateEach",
    "id": 16,
    "myNum": 24,
    "myString": "obj",
  },
  Object {
    "fromCollection": "iterateEach",
    "id": 17,
    "myNum": 25.5,
    "myString": "obj",
  },
  Object {
    "fromCollection": "iterateEach",
    "id": 18,
    "myNum": 27,
    "myString": "obj",
  },
  Object {
    "fromCollection": "iterateEach",
    "id": 19,
    "myNum": 28.5,
    "myString": "obj",
  },
  Object {
    "fromCollection": "iterateEach",
    "id": 20,
    "myNum": 30,
    "myString": "obj",
  },
  Object {
    "fromCollection": "iterateEach",
    "id": 21,
    "myNum": 31.5,
    "myString": "obj",
  },
  Object {
    "fromCollection": "iterateEach",
    "id": 22,
    "myNum": 33,
    "myString": "obj",
  },
  Object {
    "fromCollection": "iterateEach",
    "id": 23,
    "myNum": 34.5,
    "myString": "obj",
  },
  Object {
    "fromCollection": "iterateEach",
    "id": 24,
    "myNum": 36,
    "myString": "obj",
  },
  Object {
    "fromCollection": "iterateEach",
    "id": 25,
    "myNum": 37.5,
    "myString": "obj",
  },
  Object {
    "fromCollection": "iterateEach",
    "id": 26,
    "myNum": 39,
    "myString": "obj",
  },
  Object {
    "fromCollection": "iterateEach",
    "id": 27,
    "myNum": 40.5,
    "myString": "obj",
  },
  Object {
    "fromCollection": "iterateEach",
    "id": 28,
    "myNum": 42,
    "myString": "obj",
  },
  Object {
    "fromCollection": "iterateEach",
    "id": 29,
    "myNum": 43.5,
    "myString": "obj",
  },
  Object {
    "fromCollection": "iterateEach",
    "id": 30,
    "myNum": 45,
    "myString": "obj",
  },
  Object {
    "fromCollection": "iterateEach",
    "id": 31,
    "myNum": 46.5,
    "myString": "obj",
  },
  Object {
    "fromCollection": "iterateEach",
    "id": 32,
    "myNum": 48,
    "myString": "obj",
  },
  Object {
    "fromCollection": "iterateEach",
    "id": 33,
    "myNum": 49.5,
    "myString": "obj",
  },
  Object {
    "fromCollection": "iterateEach",
    "id": 34,
    "myNum": 51,
    "myString": "obj",
  },
  Object {
    "fromCollection": "iterateEach",
    "id": 35,
    "myNum": 52.5,
    "myString": "obj",
  },
  Object {
    "fromCollection": "iterateEach",
    "id": 36,
    "myNum": 54,
    "myString": "obj",
  },
  Object {
    "fromCollection": "iterateEach",
    "id": 37,
    "myNum": 55.5,
    "myString": "obj",
  },
  Object {
    "fromCollection": "iterateEach",
    "id": 38,
    "myNum": 57,
    "myString": "obj",
  },
  Object {
    "fromCollection": "iterateEach",
    "id": 39,
    "myNum": 58.5,
    "myString": "obj",
  },
  Object {
    "fromCollection": "iterateEach",
    "id": 40,
    "myNum": 60,
    "myString": "obj",
  },
  Object {
    "fromCollection": "iterateEach",
    "id": 41,
    "myNum": 61.5,
    "myString": "obj",
  },
  Object {
    "fromCollection": "iterateEach",
    "id": 42,
    "myNum": 63,
    "myString": "obj",
  },
  Object {
    "fromCollection": "iterateEach",
    "id": 43,
    "myNum": 64.5,
    "myString": "obj",
  },
  Object {
    "fromCollection": "iterateEach",
    "id": 44,
    "myNum": 66,
    "myString": "obj",
  },
  Object {
    "fromCollection": "iterateEach",
    "id": 45,
    "myNum": 67.5,
    "myString": "obj",
  },
  Object {
    "fromCollection": "iterateEach",
    "id": 46,
    "myNum": 69,
    "myString": "obj",
  },
  Object {
    "fromCollection": "iterateEach",
    "id": 47,
    "myNum": 70.5,
    "myString": "obj",
  },
  Object {
    "fromCollection": "iterateEach",
    "id": 48,
    "myNum": 72,
    "myString": "obj",
  },
  Object {
    "fromCollection": "iterateEach",
    "id": 49,
    "myNum": 73.5,
    "myString": "obj",
  },
  Object {
    "fromCollection": "iterateEach",
    "id": 50,
    "myNum": 75,
    "myString": "obj",
  },
  Object {
    "fromCollection": "iterateEach",
    "id": 51,
    "myNum": 76.5,
    "myString": "obj",
  },
  Object {
    "fromCollection": "iterateEach",
    "id": 52,
    "myNum": 78,
    "myString": "obj",
  },
  Object {
    "fromCollection": "iterateEach",
    "id": 53,
    "myNum": 79.5,
    "myString": "obj",
  },
  Object {
    "fromCollection": "iterateEach",
    "id": 54,
    "myNum": 81,
    "myString": "obj",
  },
  Object {
    "fromCollection": "iterateEach",
    "id": 55,
    "myNum": 82.5,
    "myString": "obj",
  },
  Object {
    "fromCollection": "iterateEach",
    "id": 56,
    "myNum": 84,
    "myString": "obj",
  },
  Object {
    "fromCollection": "iterateEach",
    "id": 57,
    "myNum": 85.5,
    "myString": "obj",
  },
  Object {
    "fromCollection": "iterateEach",
    "id": 58,
    "myNum": 87,
    "myString": "obj",
  },
  Object {
    "fromCollection": "iterateEach",
    "id": 59,
    "myNum": 88.5,
    "myString": "obj",
  },
  Object {
    "fromCollection": "iterateEach",
    "id": 60,
    "myNum": 90,
    "myString": "obj",
  },
  Object {
    "fromCollection": "iterateEach",
    "id": 61,
    "myNum": 91.5,
    "myString": "obj",
  },
  Object {
    "fromCollection": "iterateEach",
    "id": 62,
    "myNum": 93,
    "myString": "obj",
  },
  Object {
    "fromCollection": "iterateEach",
    "id": 63,
    "myNum": 94.5,
    "myString": "obj",
  },
  Object {
    "fromCollection": "iterateEach",
    "id": 64,
    "myNum": 96,
    "myString": "obj",
  },
  Object {
    "fromCollection": "iterateEach",
    "id": 65,
    "myNum": 97.5,
    "myString": "obj",
  },
  Object {
    "fromCollection": "iterateEach",
    "id": 66,
    "myNum": 99,
    "myString": "obj",
  },
  Object {
    "fromCollection": "iterateEach",
    "id": 67,
    "myNum": 100.5,
    "myString": "obj",
  },
  Object {
    "fromCollection": "iterateEach",
    "id": 68,
    "myNum": 102,
    "myString": "obj",
  },
  Object {
    "fromCollection": "iterateEach",
    "id": 69,
    "myNum": 103.5,
    "myString": "obj",
  },
  Object {
    "fromCollection": "iterateEach",
    "id": 70,
    "myNum": 105,
    "myString": "obj",
  },
  Object {
    "fromCollection": "iterateEach",
    "id": 71,
    "myNum": 106.5,
    "myString": "obj",
  },
  Object {
    "fromCollection": "iterateEach",
    "id": 72,
    "myNum": 108,
    "myString": "obj",
  },
  Object {
    "fromCollection": "iterateEach",
    "id": 73,
    "myNum": 109.5,
    "myString": "obj",
  },
  Object {
    "fromCollection": "iterateEach",
    "id": 74,
    "myNum": 111,
    "myString": "obj",
  },
  Object {
    "fromCollection": "iterateEach",
    "id": 75,
    "myNum": 112.5,
    "myString": "obj",
  },
  Object {
    "fromCollection": "iterateEach",
    "id": 76,
    "myNum": 114,
    "myString": "obj",
  },
  Object {
    "fromCollection": "iterateEach",
    "id": 77,
    "myNum": 115.5,
    "myString": "obj",
  },
  Object {
    "fromCollection": "iterateEach",
    "id": 78,
    "myNum": 117,
    "myString": "obj",
  },
  Object {
    "fromCollection": "iterateEach",
    "id": 79,
    "myNum": 118.5,
    "myString": "obj",
  },
  Object {
    "fromCollection": "iterateEach",
    "id": 80,
    "myNum": 120,
    "myString": "obj",
  },
  Object {
    "fromCollection": "iterateEach",
    "id": 81,
    "myNum": 121.5,
    "myString": "obj",
  },
  Object {
    "fromCollection": "iterateEach",
    "id": 82,
    "myNum": 123,
    "myString": "obj",
  },
  Object {
    "fromCollection": "iterateEach",
    "id": 83,
    "myNum": 124.5,
    "myString": "obj",
  },
  Object {
    "fromCollection": "iterateEach",
    "id": 84,
    "myNum": 126,
    "myString": "obj",
  },
  Object {
    "fromCollection": "iterateEach",
    "id": 85,
    "myNum": 127.5,
    "myString": "obj",
  },
  Object {
    "fromCollection": "iterateEach",
    "id": 86,
    "myNum": 129,
    "myString": "obj",
  },
  Object {
    "fromCollection": "iterateEach",
    "id": 87,
    "myNum": 130.5,
    "myString": "obj",
  },
  Object {
    "fromCollection": "iterateEach",
    "id": 88,
    "myNum": 132,
    "myString": "obj",
  },
  Object {
    "fromCollection": "iterateEach",
    "id": 89,
    "myNum": 133.5,
    "myString": "obj",
  },
  Object {
    "fromCollection": "iterateEach",
    "id": 90,
    "myNum": 135,
    "myString": "obj",
  },
  Object {
    "fromCollection": "iterateEach",
    "id": 91,
    "myNum": 136.5,
    "myString": "obj",
  },
  Object {
    "fromCollection": "iterateEach",
    "id": 92,
    "myNum": 138,
    "myString": "obj",
  },
  Object {
    "fromCollection": "iterateEach",
    "id": 93,
    "myNum": 139.5,
    "myString": "obj",
  },
  Object {
    "fromCollection": "iterateEach",
    "id": 94,
    "myNum": 141,
    "myString": "obj",
  },
  Object {
    "fromCollection": "iterateEach",
    "id": 95,
    "myNum": 142.5,
    "myString": "obj",
  },
  Object {
    "fromCollection": "iterateEach",
    "id": 96,
    "myNum": 144,
    "myString": "obj",
  },
  Object {
    "fromCollection": "iterateEach",
    "id": 97,
    "myNum": 145.5,
    "myString": "obj",
  },
  Object {
    "fromCollection": "iterateEach",
    "id": 98,
    "myNum": 147,
    "myString": "obj",
  },
  Object {
    "fromCollection": "iterateEach",
    "id": 99,
    "myNum": 148.5,
    "myString": "obj",
  },
  Object {
    "fromCollection": "iterateEach",
    "id": 100,
    "myNum": 150,
    "myString": "obj",
  },
  Object {
    "fromCollection": "iterateEach",
    "id": 101,
    "myNum": 151.5,
    "myString": "obj",
  },
  Object {
    "fromCollection": "iterateEach",
    "id": 102,
    "myNum": 153,
    "myString": "obj",
  },
  Object {
    "fromCollection": "iterateEach",
    "id": 103,
    "myNum": 154.5,
    "myString": "obj",
  },
  Object {
    "fromCollection": "iterateEach",
    "id": 104,
    "myNum": 156,
    "myString": "obj",
  },
  Object {
    "fromCollection": "iterateEach",
    "id": 105,
    "myNum": 157.5,
    "myString": "obj",
  },
  Object {
    "fromCollection": "iterateEach",
    "id": 106,
    "myNum": 159,
    "myString": "obj",
  },
  Object {
    "fromCollection": "iterateEach",
    "id": 107,
    "myNum": 160.5,
    "myString": "obj",
  },
  Object {
    "fromCollection": "iterateEach",
    "id": 108,
    "myNum": 162,
    "myString": "obj",
  },
  Object {
    "fromCollection": "iterateEach",
    "id": 109,
    "myNum": 163.5,
    "myString": "obj",
  },
  Object {
    "fromCollection": "iterateEach",
    "id": 110,
    "myNum": 165,
    "myString": "obj",
  },
  Object {
    "fromCollection": "iterateEach",
    "id": 111,
    "myNum": 166.5,
    "myString": "obj",
  },
  Object {
    "fromCollection": "iterateEach",
    "id": 112,
    "myNum": 168,
    "myString": "obj",
  },
  Object {
    "fromCollection": "iterateEach",
    "id": 113,
    "myNum": 169.5,
    "myString": "obj",
  },
  Object {
    "fromCollection": "iterateEach",
    "id": 114,
    "myNum": 171,
    "myString": "obj",
  },
  Object {
    "fromCollection": "iterateEach",
    "id": 115,
    "myNum": 172.5,
    "myString": "obj",
  },
  Object {
    "fromCollection": "iterateEach",
    "id": 116,
    "myNum": 174,
    "myString": "obj",
  },
  Object {
    "fromCollection": "iterateEach",
    "id": 117,
    "myNum": 175.5,
    "myString": "obj",
  },
  Object {
    "fromCollection": "iterateEach",
    "id": 118,
    "myNum": 177,
    "myString": "obj",
  },
  Object {
    "fromCollection": "iterateEach",
    "id": 119,
    "myNum": 178.5,
    "myString": "obj",
  },
  Object {
    "fromCollection": "iterateEach",
    "id": 120,
    "myNum": 180,
    "myString": "obj",
  },
  Object {
    "fromCollection": "iterateEach",
    "id": 121,
    "myNum": 181.5,
    "myString": "obj",
  },
  Object {
    "fromCollection": "iterateEach",
    "id": 122,
    "myNum": 183,
    "myString": "obj",
  },
  Object {
    "fromCollection": "iterateEach",
    "id": 123,
    "myNum": 184.5,
    "myString": "obj",
  },
  Object {
    "fromCollection": "iterateEach",
    "id": 124,
    "myNum": 186,
    "myString": "obj",
  },
  Object {
    "fromCollection": "iterateEach",
    "id": 125,
    "myNum": 187.5,
    "myString": "obj",
  },
  Object {
    "fromCollection": "iterateEach",
    "id": 126,
    "myNum": 189,
    "myString": "obj",
  },
  Object {
    "fromCollection": "iterateEach",
    "id": 127,
    "myNum": 190.5,
    "myString": "obj",
  },
  Object {
    "fromCollection": "iterateEach",
    "id": 128,
    "myNum": 192,
    "myString": "obj",
  },
  Object {
    "fromCollection": "iterateEach",
    "id": 129,
    "myNum": 193.5,
    "myString": "obj",
  },
  Object {
    "fromCollection": "iterateEach",
    "id": 130,
    "myNum": 195,
    "myString": "obj",
  },
  Object {
    "fromCollection": "iterateEach",
    "id": 131,
    "myNum": 196.5,
    "myString": "obj",
  },
  Object {
    "fromCollection": "iterateEach",
    "id": 132,
    "myNum": 198,
    "myString": "obj",
  },
  Object {
    "fromCollection": "iterateEach",
    "id": 133,
    "myNum": 199.5,
    "myString": "obj",
  },
  Object {
    "fromCollection": "iterateEach",
    "id": 134,
    "myNum": 201,
    "myString": "obj",
  },
  Object {
    "fromCollection": "iterateEach",
    "id": 135,
    "myNum": 202.5,
    "myString": "obj",
  },
  Object {
    "fromCollection": "iterateEach",
    "id": 136,
    "myNum": 204,
    "myString": "obj",
  },
  Object {
    "fromCollection": "iterateEach",
    "id": 137,
    "myNum": 205.5,
    "myString": "obj",
  },
  Object {
    "fromCollection": "iterateEach",
    "id": 138,
    "myNum": 207,
    "myString": "obj",
  },
  Object {
    "fromCollection": "iterateEach",
    "id": 139,
    "myNum": 208.5,
    "myString": "obj",
  },
  Object {
    "fromCollection": "iterateEach",
    "id": 140,
    "myNum": 210,
    "myString": "obj",
  },
  Object {
    "fromCollection": "iterateEach",
    "id": 141,
    "myNum": 211.5,
    "myString": "obj",
  },
  Object {
    "fromCollection": "iterateEach",
    "id": 142,
    "myNum": 213,
    "myString": "obj",
  },
  Object {
    "fromCollection": "iterateEach",
    "id": 143,
    "myNum": 214.5,
    "myString": "obj",
  },
  Object {
    "fromCollection": "iterateEach",
    "id": 144,
    "myNum": 216,
    "myString": "obj",
  },
  Object {
    "fromCollection": "iterateEach",
    "id": 145,
    "myNum": 217.5,
    "myString": "obj",
  },
  Object {
    "fromCollection": "iterateEach",
    "id": 146,
    "myNum": 219,
    "myString": "obj",
  },
  Object {
    "fromCollection": "iterateEach",
    "id": 147,
    "myNum": 220.5,
    "myString": "obj",
  },
  Object {
    "fromCollection": "iterateEach",
    "id": 148,
    "myNum": 222,
    "myString": "obj",
  },
  Object {
    "fromCollection": "iterateEach",
    "id": 149,
    "myNum": 223.5,
    "myString": "obj",
  },
  Object {
    "fromCollection": "iterateEach",
    "id": 150,
    "myNum": 225,
    "myString": "obj",
  },
  Object {
    "fromCollection": "iterateEach",
    "id": 151,
    "myNum": 226.5,
    "myString": "obj",
  },
  Object {
    "fromCollection": "iterateEach",
    "id": 152,
    "myNum": 228,
    "myString": "obj",
  },
  Object {
    "fromCollection": "iterateEach",
    "id": 153,
    "myNum": 229.5,
    "myString": "obj",
  },
  Object {
    "fromCollection": "iterateEach",
    "id": 154,
    "myNum": 231,
    "myString": "obj",
  },
  Object {
    "fromCollection": "iterateEach",
    "id": 155,
    "myNum": 232.5,
    "myString": "obj",
  },
  Object {
    "fromCollection": "iterateEach",
    "id": 156,
    "myNum": 234,
    "myString": "obj",
  },
  Object {
    "fromCollection": "iterateEach",
    "id": 157,
    "myNum": 235.5,
    "myString": "obj",
  },
  Object {
    "fromCollection": "iterateEach",
    "id": 158,
    "myNum": 237,
    "myString": "obj",
  },
  Object {
    "fromCollection": "iterateEach",
    "id": 159,
    "myNum": 238.5,
    "myString": "obj",
  },
]
`;
