// Jest Snapshot v1, https://goo.gl/fbAQLP

exports[`Full Coverage for validate/checkbox Form Validation: Successfully validated any boolean 1`] = `true`;

exports[`Full Coverage for validate/checkbox Form Validation: Successfully validated any date 1`] = `2241-04-04T22:00:00.000Z`;

exports[`Full Coverage for validate/checkbox Form Validation: Successfully validated any location 1`] = `
Array [
  1.3,
  5.4,
]
`;

exports[`Full Coverage for validate/checkbox Form Validation: Successfully validated any number 1`] = `342`;

exports[`Full Coverage for validate/checkbox Form Validation: Successfully validated any object 1`] = `
Object {
  "my": true,
}
`;

exports[`Full Coverage for validate/checkbox Form Validation: Successfully validated any select 1`] = `4`;

exports[`Full Coverage for validate/checkbox Form Validation: Successfully validated any string array 1`] = `
Array [
  "another",
  "string",
  "array",
]
`;

exports[`Full Coverage for validate/checkbox Form Validation: custom and real validate ok 1`] = `"RESOLVEDVAL"`;

exports[`Full Coverage for validate/checkbox Form Validation: result of empty 1`] = `undefined`;

exports[`Full Coverage for validate/checkbox Form Validation: successfully threw custom Field error 1`] = `false`;

exports[`Full Coverage for validate/checkbox Form Validation: successfully validated custom Field 1`] = `-1`;

exports[`Full Coverage for validate/checkbox Form Validation: threw custom Field unkown error because no registry passed in params 1`] = `false`;

exports[`Full Coverage for validate/checkbox Form Validation: validate and custom not ok 1`] = `
Array [
  Object {
    "text": "customreject",
  },
]
`;

exports[`Full Coverage for validate/checkbox Form Validation: validate catched but custom ok 1`] = `
Object {
  "errors": Object {
    "errors": Array [
      Object {
        "type": 3,
      },
    ],
    "mapTo": undefined,
  },
  "mapTo": undefined,
}
`;

exports[`Full Coverage for validate/checkbox Form Validation: validate invalid boolean type 1`] = `false`;

exports[`Full Coverage for validate/checkbox Form Validation: validate unkown number type 1`] = `false`;

exports[`Full Coverage for validate/checkbox Form Validation: validate unkown string type 1`] = `false`;
