// Jest Snapshot v1, https://goo.gl/fbAQLP

exports[`Array Field Test: got three values 1`] = `
<View>
  <View
    style={
      Object {
        "alignItems": "center",
        "flex": 1,
        "flexDirection": "row",
      }
    }
  >
    <View>
      <Text />
      <View
        style={
          Object {
            "paddingHorizontal": 10,
            "width": "100%",
          }
        }
      >
        <View
          style={
            Object {
              "alignItems": "center",
              "borderBottomWidth": 1,
              "borderColor": "#86939e",
              "flexDirection": "row",
              "transform": Array [
                Object {
                  "translateX": 0,
                },
              ],
            }
          }
        >
          <TextInput
            allowFontScaling={true}
            editable={true}
            keyboardType="default"
            mapTo="myArray[0]"
            onChangeText={[Function]}
            rejectResponderTermination={true}
            schema={
              Object {
                "type": "string",
              }
            }
            secureTextEntry={false}
            style={
              Object {
                "alignSelf": "center",
                "color": "black",
                "flex": 1,
                "fontSize": 18,
                "minHeight": 40,
              }
            }
            testID="RNE__Input__text-input"
            underlineColorAndroid="transparent"
            value=","
          />
        </View>
      </View>
      <View />
    </View>
    <View
      style={
        Object {
          "borderRadius": 3,
        }
      }
    >
      <View
        accessible={true}
        focusable={true}
        isTVSelectable={true}
        onClick={[Function]}
        onResponderGrant={[Function]}
        onResponderMove={[Function]}
        onResponderRelease={[Function]}
        onResponderTerminate={[Function]}
        onResponderTerminationRequest={[Function]}
        onStartShouldSetResponder={[Function]}
        style={
          Object {
            "opacity": 1,
          }
        }
      >
        <View
          style={
            Object {
              "alignItems": "center",
              "backgroundColor": "#2089dc",
              "borderColor": "#2089dc",
              "borderRadius": 3,
              "borderWidth": 0,
              "flexDirection": "row",
              "justifyContent": "center",
              "padding": 8,
            }
          }
        >
          <Text
            style={
              Object {
                "color": "white",
                "fontSize": 18,
                "paddingBottom": 1,
                "paddingTop": 2,
                "textAlign": "center",
              }
            }
          >
            Delete
          </Text>
        </View>
      </View>
    </View>
  </View>
  <View
    style={
      Object {
        "alignItems": "center",
        "flex": 1,
        "flexDirection": "row",
      }
    }
  >
    <View>
      <Text />
      <View
        style={
          Object {
            "paddingHorizontal": 10,
            "width": "100%",
          }
        }
      >
        <View
          style={
            Object {
              "alignItems": "center",
              "borderBottomWidth": 1,
              "borderColor": "#86939e",
              "flexDirection": "row",
              "transform": Array [
                Object {
                  "translateX": 0,
                },
              ],
            }
          }
        >
          <TextInput
            allowFontScaling={true}
            editable={true}
            keyboardType="default"
            mapTo="myArray[1]"
            onChangeText={[Function]}
            rejectResponderTermination={true}
            schema={
              Object {
                "type": "string",
              }
            }
            secureTextEntry={false}
            style={
              Object {
                "alignSelf": "center",
                "color": "black",
                "flex": 1,
                "fontSize": 18,
                "minHeight": 40,
              }
            }
            testID="RNE__Input__text-input"
            underlineColorAndroid="transparent"
            value=",asdf "
          />
        </View>
      </View>
      <View />
    </View>
    <View
      style={
        Object {
          "borderRadius": 3,
        }
      }
    >
      <View
        accessible={true}
        focusable={true}
        isTVSelectable={true}
        onClick={[Function]}
        onResponderGrant={[Function]}
        onResponderMove={[Function]}
        onResponderRelease={[Function]}
        onResponderTerminate={[Function]}
        onResponderTerminationRequest={[Function]}
        onStartShouldSetResponder={[Function]}
        style={
          Object {
            "opacity": 1,
          }
        }
      >
        <View
          style={
            Object {
              "alignItems": "center",
              "backgroundColor": "#2089dc",
              "borderColor": "#2089dc",
              "borderRadius": 3,
              "borderWidth": 0,
              "flexDirection": "row",
              "justifyContent": "center",
              "padding": 8,
            }
          }
        >
          <Text
            style={
              Object {
                "color": "white",
                "fontSize": 18,
                "paddingBottom": 1,
                "paddingTop": 2,
                "textAlign": "center",
              }
            }
          >
            Delete
          </Text>
        </View>
      </View>
    </View>
  </View>
  <View
    style={
      Object {
        "alignItems": "center",
        "flex": 1,
        "flexDirection": "row",
      }
    }
  >
    <View>
      <Text />
      <View
        style={
          Object {
            "paddingHorizontal": 10,
            "width": "100%",
          }
        }
      >
        <View
          style={
            Object {
              "alignItems": "center",
              "borderBottomWidth": 1,
              "borderColor": "#86939e",
              "flexDirection": "row",
              "transform": Array [
                Object {
                  "translateX": 0,
                },
              ],
            }
          }
        >
          <TextInput
            allowFontScaling={true}
            editable={true}
            keyboardType="default"
            mapTo="myArray[2]"
            onChangeText={[Function]}
            rejectResponderTermination={true}
            schema={
              Object {
                "type": "string",
              }
            }
            secureTextEntry={false}
            style={
              Object {
                "alignSelf": "center",
                "color": "black",
                "flex": 1,
                "fontSize": 18,
                "minHeight": 40,
              }
            }
            testID="RNE__Input__text-input"
            underlineColorAndroid="transparent"
            value="asdf"
          />
        </View>
      </View>
      <View />
    </View>
    <View
      style={
        Object {
          "borderRadius": 3,
        }
      }
    >
      <View
        accessible={true}
        focusable={true}
        isTVSelectable={true}
        onClick={[Function]}
        onResponderGrant={[Function]}
        onResponderMove={[Function]}
        onResponderRelease={[Function]}
        onResponderTerminate={[Function]}
        onResponderTerminationRequest={[Function]}
        onStartShouldSetResponder={[Function]}
        style={
          Object {
            "opacity": 1,
          }
        }
      >
        <View
          style={
            Object {
              "alignItems": "center",
              "backgroundColor": "#2089dc",
              "borderColor": "#2089dc",
              "borderRadius": 3,
              "borderWidth": 0,
              "flexDirection": "row",
              "justifyContent": "center",
              "padding": 8,
            }
          }
        >
          <Text
            style={
              Object {
                "color": "white",
                "fontSize": 18,
                "paddingBottom": 1,
                "paddingTop": 2,
                "textAlign": "center",
              }
            }
          >
            Delete
          </Text>
        </View>
      </View>
    </View>
  </View>
  <View
    style={
      Object {
        "marginTop": 5,
      }
    }
  >
    <View
      style={
        Object {
          "borderRadius": 3,
        }
      }
    >
      <View
        accessible={true}
        focusable={true}
        isTVSelectable={true}
        onClick={[Function]}
        onResponderGrant={[Function]}
        onResponderMove={[Function]}
        onResponderRelease={[Function]}
        onResponderTerminate={[Function]}
        onResponderTerminationRequest={[Function]}
        onStartShouldSetResponder={[Function]}
        style={
          Object {
            "opacity": 1,
          }
        }
      >
        <View
          style={
            Object {
              "alignItems": "center",
              "backgroundColor": "#2089dc",
              "borderColor": "#2089dc",
              "borderRadius": 3,
              "borderWidth": 0,
              "flexDirection": "row",
              "justifyContent": "center",
              "padding": 8,
            }
          }
        >
          <Text
            style={
              Object {
                "color": "white",
                "fontSize": 18,
                "paddingBottom": 1,
                "paddingTop": 2,
                "textAlign": "center",
              }
            }
          >
            Add
          </Text>
        </View>
      </View>
    </View>
  </View>
</View>
`;

exports[`Array Field Test: increased size to four 1`] = `
<View>
  <View
    style={
      Object {
        "alignItems": "center",
        "flex": 1,
        "flexDirection": "row",
      }
    }
  >
    <View>
      <Text />
      <View
        style={
          Object {
            "paddingHorizontal": 10,
            "width": "100%",
          }
        }
      >
        <View
          style={
            Object {
              "alignItems": "center",
              "borderBottomWidth": 1,
              "borderColor": "#86939e",
              "flexDirection": "row",
              "transform": Array [
                Object {
                  "translateX": 0,
                },
              ],
            }
          }
        >
          <TextInput
            allowFontScaling={true}
            editable={true}
            keyboardType="default"
            mapTo="myArray[0]"
            onChangeText={[Function]}
            rejectResponderTermination={true}
            schema={
              Object {
                "type": "string",
              }
            }
            secureTextEntry={false}
            style={
              Object {
                "alignSelf": "center",
                "color": "black",
                "flex": 1,
                "fontSize": 18,
                "minHeight": 40,
              }
            }
            testID="RNE__Input__text-input"
            underlineColorAndroid="transparent"
            value=","
          />
        </View>
      </View>
      <View />
    </View>
    <View
      style={
        Object {
          "borderRadius": 3,
        }
      }
    >
      <View
        accessible={true}
        focusable={true}
        isTVSelectable={true}
        onClick={[Function]}
        onResponderGrant={[Function]}
        onResponderMove={[Function]}
        onResponderRelease={[Function]}
        onResponderTerminate={[Function]}
        onResponderTerminationRequest={[Function]}
        onStartShouldSetResponder={[Function]}
        style={
          Object {
            "opacity": 1,
          }
        }
      >
        <View
          style={
            Object {
              "alignItems": "center",
              "backgroundColor": "#2089dc",
              "borderColor": "#2089dc",
              "borderRadius": 3,
              "borderWidth": 0,
              "flexDirection": "row",
              "justifyContent": "center",
              "padding": 8,
            }
          }
        >
          <Text
            style={
              Object {
                "color": "white",
                "fontSize": 18,
                "paddingBottom": 1,
                "paddingTop": 2,
                "textAlign": "center",
              }
            }
          >
            Delete
          </Text>
        </View>
      </View>
    </View>
  </View>
  <View
    style={
      Object {
        "alignItems": "center",
        "flex": 1,
        "flexDirection": "row",
      }
    }
  >
    <View>
      <Text />
      <View
        style={
          Object {
            "paddingHorizontal": 10,
            "width": "100%",
          }
        }
      >
        <View
          style={
            Object {
              "alignItems": "center",
              "borderBottomWidth": 1,
              "borderColor": "#86939e",
              "flexDirection": "row",
              "transform": Array [
                Object {
                  "translateX": 0,
                },
              ],
            }
          }
        >
          <TextInput
            allowFontScaling={true}
            editable={true}
            keyboardType="default"
            mapTo="myArray[1]"
            onChangeText={[Function]}
            rejectResponderTermination={true}
            schema={
              Object {
                "type": "string",
              }
            }
            secureTextEntry={false}
            style={
              Object {
                "alignSelf": "center",
                "color": "black",
                "flex": 1,
                "fontSize": 18,
                "minHeight": 40,
              }
            }
            testID="RNE__Input__text-input"
            underlineColorAndroid="transparent"
            value=",asdf "
          />
        </View>
      </View>
      <View />
    </View>
    <View
      style={
        Object {
          "borderRadius": 3,
        }
      }
    >
      <View
        accessible={true}
        focusable={true}
        isTVSelectable={true}
        onClick={[Function]}
        onResponderGrant={[Function]}
        onResponderMove={[Function]}
        onResponderRelease={[Function]}
        onResponderTerminate={[Function]}
        onResponderTerminationRequest={[Function]}
        onStartShouldSetResponder={[Function]}
        style={
          Object {
            "opacity": 1,
          }
        }
      >
        <View
          style={
            Object {
              "alignItems": "center",
              "backgroundColor": "#2089dc",
              "borderColor": "#2089dc",
              "borderRadius": 3,
              "borderWidth": 0,
              "flexDirection": "row",
              "justifyContent": "center",
              "padding": 8,
            }
          }
        >
          <Text
            style={
              Object {
                "color": "white",
                "fontSize": 18,
                "paddingBottom": 1,
                "paddingTop": 2,
                "textAlign": "center",
              }
            }
          >
            Delete
          </Text>
        </View>
      </View>
    </View>
  </View>
  <View
    style={
      Object {
        "alignItems": "center",
        "flex": 1,
        "flexDirection": "row",
      }
    }
  >
    <View>
      <Text />
      <View
        style={
          Object {
            "paddingHorizontal": 10,
            "width": "100%",
          }
        }
      >
        <View
          style={
            Object {
              "alignItems": "center",
              "borderBottomWidth": 1,
              "borderColor": "#86939e",
              "flexDirection": "row",
              "transform": Array [
                Object {
                  "translateX": 0,
                },
              ],
            }
          }
        >
          <TextInput
            allowFontScaling={true}
            editable={true}
            keyboardType="default"
            mapTo="myArray[2]"
            onChangeText={[Function]}
            rejectResponderTermination={true}
            schema={
              Object {
                "type": "string",
              }
            }
            secureTextEntry={false}
            style={
              Object {
                "alignSelf": "center",
                "color": "black",
                "flex": 1,
                "fontSize": 18,
                "minHeight": 40,
              }
            }
            testID="RNE__Input__text-input"
            underlineColorAndroid="transparent"
            value="asdf"
          />
        </View>
      </View>
      <View />
    </View>
    <View
      style={
        Object {
          "borderRadius": 3,
        }
      }
    >
      <View
        accessible={true}
        focusable={true}
        isTVSelectable={true}
        onClick={[Function]}
        onResponderGrant={[Function]}
        onResponderMove={[Function]}
        onResponderRelease={[Function]}
        onResponderTerminate={[Function]}
        onResponderTerminationRequest={[Function]}
        onStartShouldSetResponder={[Function]}
        style={
          Object {
            "opacity": 1,
          }
        }
      >
        <View
          style={
            Object {
              "alignItems": "center",
              "backgroundColor": "#2089dc",
              "borderColor": "#2089dc",
              "borderRadius": 3,
              "borderWidth": 0,
              "flexDirection": "row",
              "justifyContent": "center",
              "padding": 8,
            }
          }
        >
          <Text
            style={
              Object {
                "color": "white",
                "fontSize": 18,
                "paddingBottom": 1,
                "paddingTop": 2,
                "textAlign": "center",
              }
            }
          >
            Delete
          </Text>
        </View>
      </View>
    </View>
  </View>
  <View
    style={
      Object {
        "alignItems": "center",
        "flex": 1,
        "flexDirection": "row",
      }
    }
  >
    <View>
      <Text />
      <View
        style={
          Object {
            "paddingHorizontal": 10,
            "width": "100%",
          }
        }
      >
        <View
          style={
            Object {
              "alignItems": "center",
              "borderBottomWidth": 1,
              "borderColor": "#86939e",
              "flexDirection": "row",
              "transform": Array [
                Object {
                  "translateX": 0,
                },
              ],
            }
          }
        >
          <TextInput
            allowFontScaling={true}
            editable={true}
            keyboardType="default"
            mapTo="myArray[3]"
            onChangeText={[Function]}
            rejectResponderTermination={true}
            schema={
              Object {
                "type": "string",
              }
            }
            secureTextEntry={false}
            style={
              Object {
                "alignSelf": "center",
                "color": "black",
                "flex": 1,
                "fontSize": 18,
                "minHeight": 40,
              }
            }
            testID="RNE__Input__text-input"
            underlineColorAndroid="transparent"
            value={null}
          />
        </View>
      </View>
      <View />
    </View>
    <View
      style={
        Object {
          "borderRadius": 3,
        }
      }
    >
      <View
        accessible={true}
        focusable={true}
        isTVSelectable={true}
        onClick={[Function]}
        onResponderGrant={[Function]}
        onResponderMove={[Function]}
        onResponderRelease={[Function]}
        onResponderTerminate={[Function]}
        onResponderTerminationRequest={[Function]}
        onStartShouldSetResponder={[Function]}
        style={
          Object {
            "opacity": 1,
          }
        }
      >
        <View
          style={
            Object {
              "alignItems": "center",
              "backgroundColor": "#2089dc",
              "borderColor": "#2089dc",
              "borderRadius": 3,
              "borderWidth": 0,
              "flexDirection": "row",
              "justifyContent": "center",
              "padding": 8,
            }
          }
        >
          <Text
            style={
              Object {
                "color": "white",
                "fontSize": 18,
                "paddingBottom": 1,
                "paddingTop": 2,
                "textAlign": "center",
              }
            }
          >
            Delete
          </Text>
        </View>
      </View>
    </View>
  </View>
  <View
    style={
      Object {
        "marginTop": 5,
      }
    }
  >
    <View
      style={
        Object {
          "borderRadius": 3,
        }
      }
    >
      <View
        accessible={true}
        focusable={true}
        isTVSelectable={true}
        onClick={[Function]}
        onResponderGrant={[Function]}
        onResponderMove={[Function]}
        onResponderRelease={[Function]}
        onResponderTerminate={[Function]}
        onResponderTerminationRequest={[Function]}
        onStartShouldSetResponder={[Function]}
        style={
          Object {
            "opacity": 1,
          }
        }
      >
        <View
          style={
            Object {
              "alignItems": "center",
              "backgroundColor": "#2089dc",
              "borderColor": "#2089dc",
              "borderRadius": 3,
              "borderWidth": 0,
              "flexDirection": "row",
              "justifyContent": "center",
              "padding": 8,
            }
          }
        >
          <Text
            style={
              Object {
                "color": "white",
                "fontSize": 18,
                "paddingBottom": 1,
                "paddingTop": 2,
                "textAlign": "center",
              }
            }
          >
            Add
          </Text>
        </View>
      </View>
    </View>
  </View>
</View>
`;

exports[`Array Field Test: removed second item 1`] = `
<View>
  <View
    style={
      Object {
        "alignItems": "center",
        "flex": 1,
        "flexDirection": "row",
      }
    }
  >
    <View>
      <Text />
      <View
        style={
          Object {
            "paddingHorizontal": 10,
            "width": "100%",
          }
        }
      >
        <View
          style={
            Object {
              "alignItems": "center",
              "borderBottomWidth": 1,
              "borderColor": "#86939e",
              "flexDirection": "row",
              "transform": Array [
                Object {
                  "translateX": 0,
                },
              ],
            }
          }
        >
          <TextInput
            allowFontScaling={true}
            editable={true}
            keyboardType="default"
            mapTo="myArray[0]"
            onChangeText={[Function]}
            rejectResponderTermination={true}
            schema={
              Object {
                "type": "string",
              }
            }
            secureTextEntry={false}
            style={
              Object {
                "alignSelf": "center",
                "color": "black",
                "flex": 1,
                "fontSize": 18,
                "minHeight": 40,
              }
            }
            testID="RNE__Input__text-input"
            underlineColorAndroid="transparent"
            value=","
          />
        </View>
      </View>
      <View />
    </View>
    <View
      style={
        Object {
          "borderRadius": 3,
        }
      }
    >
      <View
        accessible={true}
        focusable={true}
        isTVSelectable={true}
        onClick={[Function]}
        onResponderGrant={[Function]}
        onResponderMove={[Function]}
        onResponderRelease={[Function]}
        onResponderTerminate={[Function]}
        onResponderTerminationRequest={[Function]}
        onStartShouldSetResponder={[Function]}
        style={
          Object {
            "opacity": 1,
          }
        }
      >
        <View
          style={
            Object {
              "alignItems": "center",
              "backgroundColor": "#2089dc",
              "borderColor": "#2089dc",
              "borderRadius": 3,
              "borderWidth": 0,
              "flexDirection": "row",
              "justifyContent": "center",
              "padding": 8,
            }
          }
        >
          <Text
            style={
              Object {
                "color": "white",
                "fontSize": 18,
                "paddingBottom": 1,
                "paddingTop": 2,
                "textAlign": "center",
              }
            }
          >
            Delete
          </Text>
        </View>
      </View>
    </View>
  </View>
  <View
    style={
      Object {
        "alignItems": "center",
        "flex": 1,
        "flexDirection": "row",
      }
    }
  >
    <View>
      <Text />
      <View
        style={
          Object {
            "paddingHorizontal": 10,
            "width": "100%",
          }
        }
      >
        <View
          style={
            Object {
              "alignItems": "center",
              "borderBottomWidth": 1,
              "borderColor": "#86939e",
              "flexDirection": "row",
              "transform": Array [
                Object {
                  "translateX": 0,
                },
              ],
            }
          }
        >
          <TextInput
            allowFontScaling={true}
            editable={true}
            keyboardType="default"
            mapTo="myArray[1]"
            onChangeText={[Function]}
            rejectResponderTermination={true}
            schema={
              Object {
                "type": "string",
              }
            }
            secureTextEntry={false}
            style={
              Object {
                "alignSelf": "center",
                "color": "black",
                "flex": 1,
                "fontSize": 18,
                "minHeight": 40,
              }
            }
            testID="RNE__Input__text-input"
            underlineColorAndroid="transparent"
            value="asdf"
          />
        </View>
      </View>
      <View />
    </View>
    <View
      style={
        Object {
          "borderRadius": 3,
        }
      }
    >
      <View
        accessible={true}
        focusable={true}
        isTVSelectable={true}
        onClick={[Function]}
        onResponderGrant={[Function]}
        onResponderMove={[Function]}
        onResponderRelease={[Function]}
        onResponderTerminate={[Function]}
        onResponderTerminationRequest={[Function]}
        onStartShouldSetResponder={[Function]}
        style={
          Object {
            "opacity": 1,
          }
        }
      >
        <View
          style={
            Object {
              "alignItems": "center",
              "backgroundColor": "#2089dc",
              "borderColor": "#2089dc",
              "borderRadius": 3,
              "borderWidth": 0,
              "flexDirection": "row",
              "justifyContent": "center",
              "padding": 8,
            }
          }
        >
          <Text
            style={
              Object {
                "color": "white",
                "fontSize": 18,
                "paddingBottom": 1,
                "paddingTop": 2,
                "textAlign": "center",
              }
            }
          >
            Delete
          </Text>
        </View>
      </View>
    </View>
  </View>
  <View
    style={
      Object {
        "alignItems": "center",
        "flex": 1,
        "flexDirection": "row",
      }
    }
  >
    <View>
      <Text />
      <View
        style={
          Object {
            "paddingHorizontal": 10,
            "width": "100%",
          }
        }
      >
        <View
          style={
            Object {
              "alignItems": "center",
              "borderBottomWidth": 1,
              "borderColor": "#86939e",
              "flexDirection": "row",
              "transform": Array [
                Object {
                  "translateX": 0,
                },
              ],
            }
          }
        >
          <TextInput
            allowFontScaling={true}
            editable={true}
            keyboardType="default"
            mapTo="myArray[2]"
            onChangeText={[Function]}
            rejectResponderTermination={true}
            schema={
              Object {
                "type": "string",
              }
            }
            secureTextEntry={false}
            style={
              Object {
                "alignSelf": "center",
                "color": "black",
                "flex": 1,
                "fontSize": 18,
                "minHeight": 40,
              }
            }
            testID="RNE__Input__text-input"
            underlineColorAndroid="transparent"
            value={null}
          />
        </View>
      </View>
      <View />
    </View>
    <View
      style={
        Object {
          "borderRadius": 3,
        }
      }
    >
      <View
        accessible={true}
        focusable={true}
        isTVSelectable={true}
        onClick={[Function]}
        onResponderGrant={[Function]}
        onResponderMove={[Function]}
        onResponderRelease={[Function]}
        onResponderTerminate={[Function]}
        onResponderTerminationRequest={[Function]}
        onStartShouldSetResponder={[Function]}
        style={
          Object {
            "opacity": 1,
          }
        }
      >
        <View
          style={
            Object {
              "alignItems": "center",
              "backgroundColor": "#2089dc",
              "borderColor": "#2089dc",
              "borderRadius": 3,
              "borderWidth": 0,
              "flexDirection": "row",
              "justifyContent": "center",
              "padding": 8,
            }
          }
        >
          <Text
            style={
              Object {
                "color": "white",
                "fontSize": 18,
                "paddingBottom": 1,
                "paddingTop": 2,
                "textAlign": "center",
              }
            }
          >
            Delete
          </Text>
        </View>
      </View>
    </View>
  </View>
  <View
    style={
      Object {
        "marginTop": 5,
      }
    }
  >
    <View
      style={
        Object {
          "borderRadius": 3,
        }
      }
    >
      <View
        accessible={true}
        focusable={true}
        isTVSelectable={true}
        onClick={[Function]}
        onResponderGrant={[Function]}
        onResponderMove={[Function]}
        onResponderRelease={[Function]}
        onResponderTerminate={[Function]}
        onResponderTerminationRequest={[Function]}
        onStartShouldSetResponder={[Function]}
        style={
          Object {
            "opacity": 1,
          }
        }
      >
        <View
          style={
            Object {
              "alignItems": "center",
              "backgroundColor": "#2089dc",
              "borderColor": "#2089dc",
              "borderRadius": 3,
              "borderWidth": 0,
              "flexDirection": "row",
              "justifyContent": "center",
              "padding": 8,
            }
          }
        >
          <Text
            style={
              Object {
                "color": "white",
                "fontSize": 18,
                "paddingBottom": 1,
                "paddingTop": 2,
                "textAlign": "center",
              }
            }
          >
            Add
          </Text>
        </View>
      </View>
    </View>
  </View>
</View>
`;

exports[`Array Field Test: unchanged render 1`] = `
<View>
  <View
    style={
      Object {
        "alignItems": "center",
        "flex": 1,
        "flexDirection": "row",
      }
    }
  >
    <View>
      <Text />
      <View
        style={
          Object {
            "paddingHorizontal": 10,
            "width": "100%",
          }
        }
      >
        <View
          style={
            Object {
              "alignItems": "center",
              "borderBottomWidth": 1,
              "borderColor": "#86939e",
              "flexDirection": "row",
              "transform": Array [
                Object {
                  "translateX": 0,
                },
              ],
            }
          }
        >
          <TextInput
            allowFontScaling={true}
            editable={true}
            keyboardType="default"
            mapTo="myArray[0]"
            onChangeText={[Function]}
            rejectResponderTermination={true}
            schema={
              Object {
                "type": "string",
              }
            }
            secureTextEntry={false}
            style={
              Object {
                "alignSelf": "center",
                "color": "black",
                "flex": 1,
                "fontSize": 18,
                "minHeight": 40,
              }
            }
            testID="RNE__Input__text-input"
            underlineColorAndroid="transparent"
          />
        </View>
      </View>
      <View />
    </View>
    <View
      style={
        Object {
          "borderRadius": 3,
        }
      }
    >
      <View
        accessible={true}
        focusable={true}
        isTVSelectable={true}
        onClick={[Function]}
        onResponderGrant={[Function]}
        onResponderMove={[Function]}
        onResponderRelease={[Function]}
        onResponderTerminate={[Function]}
        onResponderTerminationRequest={[Function]}
        onStartShouldSetResponder={[Function]}
        style={
          Object {
            "opacity": 1,
          }
        }
      >
        <View
          style={
            Object {
              "alignItems": "center",
              "backgroundColor": "#2089dc",
              "borderColor": "#2089dc",
              "borderRadius": 3,
              "borderWidth": 0,
              "flexDirection": "row",
              "justifyContent": "center",
              "padding": 8,
            }
          }
        >
          <Text
            style={
              Object {
                "color": "white",
                "fontSize": 18,
                "paddingBottom": 1,
                "paddingTop": 2,
                "textAlign": "center",
              }
            }
          >
            Delete
          </Text>
        </View>
      </View>
    </View>
  </View>
  <View
    style={
      Object {
        "marginTop": 5,
      }
    }
  >
    <View
      style={
        Object {
          "borderRadius": 3,
        }
      }
    >
      <View
        accessible={true}
        focusable={true}
        isTVSelectable={true}
        onClick={[Function]}
        onResponderGrant={[Function]}
        onResponderMove={[Function]}
        onResponderRelease={[Function]}
        onResponderTerminate={[Function]}
        onResponderTerminationRequest={[Function]}
        onStartShouldSetResponder={[Function]}
        style={
          Object {
            "opacity": 1,
          }
        }
      >
        <View
          style={
            Object {
              "alignItems": "center",
              "backgroundColor": "#2089dc",
              "borderColor": "#2089dc",
              "borderRadius": 3,
              "borderWidth": 0,
              "flexDirection": "row",
              "justifyContent": "center",
              "padding": 8,
            }
          }
        >
          <Text
            style={
              Object {
                "color": "white",
                "fontSize": 18,
                "paddingBottom": 1,
                "paddingTop": 2,
                "textAlign": "center",
              }
            }
          >
            Add
          </Text>
        </View>
      </View>
    </View>
  </View>
</View>
`;
