// Jest Snapshot v1, https://goo.gl/fbAQLP

exports[`verify avgprevtimedistance caluclation: configless mean of mockData 1`] = `127403389.83050847`;
