// Jest Snapshot v1, https://goo.gl/fbAQLP

exports[`makeStat timeStep test:  local timeStepSum month query 1`] = `
<div
  class="stat"
>
  {"collection":"timeStep","configId":"timeStepSum","stat":{"01.10":1,"02.10":0,"03.10":1,"04.10":0,"05.10":1,"06.10":0,"07.10":1,"08.10":0,"09.10":1,"10.10":0,"11.10":1,"12.10":0,"13.10":1,"14.10":0,"15.10":1,"16.10":0,"17.10":1,"18.10":0,"19.10":1,"20.10":0,"21.10":1,"22.10":0,"23.10":1,"24.10":0,"25.10":1,"26.10":0,"27.10":1,"28.10":0,"29.10":1,"30.10":0,"31.10":1},"config":{"type":"timeStep","id":"timeStepSum","options":{"subType":"sum","timeSteps":{"01.10":{"start":"2018-09-30T22:00:00.000Z","end":"2018-10-01T21:59:59.999Z"},"02.10":{"start":"2018-10-01T22:00:00.000Z","end":"2018-10-02T21:59:59.999Z"},"03.10":{"start":"2018-10-02T22:00:00.000Z","end":"2018-10-03T21:59:59.999Z"},"04.10":{"start":"2018-10-03T22:00:00.000Z","end":"2018-10-04T21:59:59.999Z"},"05.10":{"start":"2018-10-04T22:00:00.000Z","end":"2018-10-05T21:59:59.999Z"},"06.10":{"start":"2018-10-05T22:00:00.000Z","end":"2018-10-06T21:59:59.999Z"},"07.10":{"start":"2018-10-06T22:00:00.000Z","end":"2018-10-07T21:59:59.999Z"},"08.10":{"start":"2018-10-07T22:00:00.000Z","end":"2018-10-08T21:59:59.999Z"},"09.10":{"start":"2018-10-08T22:00:00.000Z","end":"2018-10-09T21:59:59.999Z"},"10.10":{"start":"2018-10-09T22:00:00.000Z","end":"2018-10-10T21:59:59.999Z"},"11.10":{"start":"2018-10-10T22:00:00.000Z","end":"2018-10-11T21:59:59.999Z"},"12.10":{"start":"2018-10-11T22:00:00.000Z","end":"2018-10-12T21:59:59.999Z"},"13.10":{"start":"2018-10-12T22:00:00.000Z","end":"2018-10-13T21:59:59.999Z"},"14.10":{"start":"2018-10-13T22:00:00.000Z","end":"2018-10-14T21:59:59.999Z"},"15.10":{"start":"2018-10-14T22:00:00.000Z","end":"2018-10-15T21:59:59.999Z"},"16.10":{"start":"2018-10-15T22:00:00.000Z","end":"2018-10-16T21:59:59.999Z"},"17.10":{"start":"2018-10-16T22:00:00.000Z","end":"2018-10-17T21:59:59.999Z"},"18.10":{"start":"2018-10-17T22:00:00.000Z","end":"2018-10-18T21:59:59.999Z"},"19.10":{"start":"2018-10-18T22:00:00.000Z","end":"2018-10-19T21:59:59.999Z"},"20.10":{"start":"2018-10-19T22:00:00.000Z","end":"2018-10-20T21:59:59.999Z"},"21.10":{"start":"2018-10-20T22:00:00.000Z","end":"2018-10-21T21:59:59.999Z"},"22.10":{"start":"2018-10-21T22:00:00.000Z","end":"2018-10-22T21:59:59.999Z"},"23.10":{"start":"2018-10-22T22:00:00.000Z","end":"2018-10-23T21:59:59.999Z"},"24.10":{"start":"2018-10-23T22:00:00.000Z","end":"2018-10-24T21:59:59.999Z"},"25.10":{"start":"2018-10-24T22:00:00.000Z","end":"2018-10-25T21:59:59.999Z"},"26.10":{"start":"2018-10-25T22:00:00.000Z","end":"2018-10-26T21:59:59.999Z"},"27.10":{"start":"2018-10-26T22:00:00.000Z","end":"2018-10-27T21:59:59.999Z"},"28.10":{"start":"2018-10-27T22:00:00.000Z","end":"2018-10-28T22:59:59.999Z"},"29.10":{"start":"2018-10-28T23:00:00.000Z","end":"2018-10-29T22:59:59.999Z"},"30.10":{"start":"2018-10-29T23:00:00.000Z","end":"2018-10-30T22:59:59.999Z"},"31.10":{"start":"2018-10-30T23:00:00.000Z","end":"2018-10-31T22:59:59.999Z"}}}},"query":{"createdAt":{}}}
</div>
`;

exports[`makeStat timeStep test:  local timeStepSum noquery 1`] = `
<div
  class="stat"
>
  {"collection":"timeStep","configId":"timeStepSum","stat":{"31.10":1},"config":{"type":"timeStep","id":"timeStepSum","options":{"subType":"sum"}},"query":{"createdAt":{}}}
</div>
`;

exports[`makeStat timeStep test:  local timeStepSum year query 1`] = `
<div
  class="stat"
>
  {"collection":"timeStep","configId":"timeStepSum","stat":{"01.2018":0,"02.2018":2,"03.2018":16,"04.2018":15,"05.2018":15,"06.2018":15,"07.2018":16,"08.2018":15,"09.2018":15,"10.2018":16,"11.2018":15,"12.2018":16},"config":{"type":"timeStep","id":"timeStepSum","options":{"subType":"sum","timeSteps":{"01.2018":{"start":"2017-12-31T23:00:00.000Z","end":"2018-01-31T22:59:59.999Z"},"02.2018":{"start":"2018-01-31T23:00:00.000Z","end":"2018-02-28T22:59:59.999Z"},"03.2018":{"start":"2018-02-28T23:00:00.000Z","end":"2018-03-31T21:59:59.999Z"},"04.2018":{"start":"2018-03-31T22:00:00.000Z","end":"2018-04-30T21:59:59.999Z"},"05.2018":{"start":"2018-04-30T22:00:00.000Z","end":"2018-05-31T21:59:59.999Z"},"06.2018":{"start":"2018-05-31T22:00:00.000Z","end":"2018-06-30T21:59:59.999Z"},"07.2018":{"start":"2018-06-30T22:00:00.000Z","end":"2018-07-31T21:59:59.999Z"},"08.2018":{"start":"2018-07-31T22:00:00.000Z","end":"2018-08-31T21:59:59.999Z"},"09.2018":{"start":"2018-08-31T22:00:00.000Z","end":"2018-09-30T21:59:59.999Z"},"10.2018":{"start":"2018-09-30T22:00:00.000Z","end":"2018-10-31T22:59:59.999Z"},"11.2018":{"start":"2018-10-31T23:00:00.000Z","end":"2018-11-30T22:59:59.999Z"},"12.2018":{"start":"2018-11-30T23:00:00.000Z","end":"2018-12-31T22:59:59.999Z"}}}},"query":{"createdAt":{}}}
</div>
`;

exports[`makeStat timeStep test:  local timeStepSumPath month query 1`] = `
<div
  class="stat"
>
  {"collection":"timeStep","configId":"timeStepSumPath","stat":{"01.10":60,"02.10":0,"03.10":56,"04.10":0,"05.10":52,"06.10":0,"07.10":48,"08.10":0,"09.10":44,"10.10":0,"11.10":40,"12.10":0,"13.10":36,"14.10":0,"15.10":32,"16.10":0,"17.10":28,"18.10":0,"19.10":24,"20.10":0,"21.10":20,"22.10":0,"23.10":16,"24.10":0,"25.10":12,"26.10":0,"27.10":8,"28.10":0,"29.10":4,"30.10":0,"31.10":0},"config":{"type":"timeStep","id":"timeStepSumPath","options":{"subType":"sum","subConfig":{"itemPath":"myNum"},"timeSteps":{"01.10":{"start":"2018-09-30T22:00:00.000Z","end":"2018-10-01T21:59:59.999Z"},"02.10":{"start":"2018-10-01T22:00:00.000Z","end":"2018-10-02T21:59:59.999Z"},"03.10":{"start":"2018-10-02T22:00:00.000Z","end":"2018-10-03T21:59:59.999Z"},"04.10":{"start":"2018-10-03T22:00:00.000Z","end":"2018-10-04T21:59:59.999Z"},"05.10":{"start":"2018-10-04T22:00:00.000Z","end":"2018-10-05T21:59:59.999Z"},"06.10":{"start":"2018-10-05T22:00:00.000Z","end":"2018-10-06T21:59:59.999Z"},"07.10":{"start":"2018-10-06T22:00:00.000Z","end":"2018-10-07T21:59:59.999Z"},"08.10":{"start":"2018-10-07T22:00:00.000Z","end":"2018-10-08T21:59:59.999Z"},"09.10":{"start":"2018-10-08T22:00:00.000Z","end":"2018-10-09T21:59:59.999Z"},"10.10":{"start":"2018-10-09T22:00:00.000Z","end":"2018-10-10T21:59:59.999Z"},"11.10":{"start":"2018-10-10T22:00:00.000Z","end":"2018-10-11T21:59:59.999Z"},"12.10":{"start":"2018-10-11T22:00:00.000Z","end":"2018-10-12T21:59:59.999Z"},"13.10":{"start":"2018-10-12T22:00:00.000Z","end":"2018-10-13T21:59:59.999Z"},"14.10":{"start":"2018-10-13T22:00:00.000Z","end":"2018-10-14T21:59:59.999Z"},"15.10":{"start":"2018-10-14T22:00:00.000Z","end":"2018-10-15T21:59:59.999Z"},"16.10":{"start":"2018-10-15T22:00:00.000Z","end":"2018-10-16T21:59:59.999Z"},"17.10":{"start":"2018-10-16T22:00:00.000Z","end":"2018-10-17T21:59:59.999Z"},"18.10":{"start":"2018-10-17T22:00:00.000Z","end":"2018-10-18T21:59:59.999Z"},"19.10":{"start":"2018-10-18T22:00:00.000Z","end":"2018-10-19T21:59:59.999Z"},"20.10":{"start":"2018-10-19T22:00:00.000Z","end":"2018-10-20T21:59:59.999Z"},"21.10":{"start":"2018-10-20T22:00:00.000Z","end":"2018-10-21T21:59:59.999Z"},"22.10":{"start":"2018-10-21T22:00:00.000Z","end":"2018-10-22T21:59:59.999Z"},"23.10":{"start":"2018-10-22T22:00:00.000Z","end":"2018-10-23T21:59:59.999Z"},"24.10":{"start":"2018-10-23T22:00:00.000Z","end":"2018-10-24T21:59:59.999Z"},"25.10":{"start":"2018-10-24T22:00:00.000Z","end":"2018-10-25T21:59:59.999Z"},"26.10":{"start":"2018-10-25T22:00:00.000Z","end":"2018-10-26T21:59:59.999Z"},"27.10":{"start":"2018-10-26T22:00:00.000Z","end":"2018-10-27T21:59:59.999Z"},"28.10":{"start":"2018-10-27T22:00:00.000Z","end":"2018-10-28T22:59:59.999Z"},"29.10":{"start":"2018-10-28T23:00:00.000Z","end":"2018-10-29T22:59:59.999Z"},"30.10":{"start":"2018-10-29T23:00:00.000Z","end":"2018-10-30T22:59:59.999Z"},"31.10":{"start":"2018-10-30T23:00:00.000Z","end":"2018-10-31T22:59:59.999Z"}}}},"query":{"createdAt":{}}}
</div>
`;

exports[`makeStat timeStep test:  local timeStepSumPath noquery 1`] = `
<div
  class="stat"
>
  {"collection":"timeStep","configId":"timeStepSumPath","stat":{"31.10":0},"config":{"type":"timeStep","id":"timeStepSumPath","options":{"subType":"sum","subConfig":{"itemPath":"myNum"}}},"query":{"createdAt":{}}}
</div>
`;

exports[`makeStat timeStep test:  local timeStepSumPath year query 1`] = `
<div
  class="stat"
>
  {"collection":"timeStep","configId":"timeStepSumPath","stat":{"01.2018":0,"02.2018":988,"03.2018":7328,"04.2018":5940,"05.2018":5040,"06.2018":4140,"07.2018":3424,"08.2018":2280,"09.2018":1380,"10.2018":480,"11.2018":450,"12.2018":1472},"config":{"type":"timeStep","id":"timeStepSumPath","options":{"subType":"sum","subConfig":{"itemPath":"myNum"},"timeSteps":{"01.2018":{"start":"2017-12-31T23:00:00.000Z","end":"2018-01-31T22:59:59.999Z"},"02.2018":{"start":"2018-01-31T23:00:00.000Z","end":"2018-02-28T22:59:59.999Z"},"03.2018":{"start":"2018-02-28T23:00:00.000Z","end":"2018-03-31T21:59:59.999Z"},"04.2018":{"start":"2018-03-31T22:00:00.000Z","end":"2018-04-30T21:59:59.999Z"},"05.2018":{"start":"2018-04-30T22:00:00.000Z","end":"2018-05-31T21:59:59.999Z"},"06.2018":{"start":"2018-05-31T22:00:00.000Z","end":"2018-06-30T21:59:59.999Z"},"07.2018":{"start":"2018-06-30T22:00:00.000Z","end":"2018-07-31T21:59:59.999Z"},"08.2018":{"start":"2018-07-31T22:00:00.000Z","end":"2018-08-31T21:59:59.999Z"},"09.2018":{"start":"2018-08-31T22:00:00.000Z","end":"2018-09-30T21:59:59.999Z"},"10.2018":{"start":"2018-09-30T22:00:00.000Z","end":"2018-10-31T22:59:59.999Z"},"11.2018":{"start":"2018-10-31T23:00:00.000Z","end":"2018-11-30T22:59:59.999Z"},"12.2018":{"start":"2018-11-30T23:00:00.000Z","end":"2018-12-31T22:59:59.999Z"}}}},"query":{"createdAt":{}}}
</div>
`;

exports[`makeStat timeStep test:  local timeStepTimeDistance month query 1`] = `
<div
  class="stat"
>
  {"collection":"timeStep","configId":"timeStepTimeDistance","stat":{"01.10":0,"02.10":0,"03.10":0,"04.10":0,"05.10":0,"06.10":0,"07.10":0,"08.10":0,"09.10":0,"10.10":0,"11.10":0,"12.10":0,"13.10":0,"14.10":0,"15.10":0,"16.10":0,"17.10":0,"18.10":0,"19.10":0,"20.10":0,"21.10":0,"22.10":0,"23.10":0,"24.10":0,"25.10":0,"26.10":0,"27.10":0,"28.10":0,"29.10":0,"30.10":0,"31.10":0},"config":{"type":"timeStep","id":"timeStepTimeDistance","options":{"subType":"avgPrevTimeDistance","subConfig":{"itemPath":"createdAt"},"timeSteps":{"01.10":{"start":"2018-09-30T22:00:00.000Z","end":"2018-10-01T21:59:59.999Z"},"02.10":{"start":"2018-10-01T22:00:00.000Z","end":"2018-10-02T21:59:59.999Z"},"03.10":{"start":"2018-10-02T22:00:00.000Z","end":"2018-10-03T21:59:59.999Z"},"04.10":{"start":"2018-10-03T22:00:00.000Z","end":"2018-10-04T21:59:59.999Z"},"05.10":{"start":"2018-10-04T22:00:00.000Z","end":"2018-10-05T21:59:59.999Z"},"06.10":{"start":"2018-10-05T22:00:00.000Z","end":"2018-10-06T21:59:59.999Z"},"07.10":{"start":"2018-10-06T22:00:00.000Z","end":"2018-10-07T21:59:59.999Z"},"08.10":{"start":"2018-10-07T22:00:00.000Z","end":"2018-10-08T21:59:59.999Z"},"09.10":{"start":"2018-10-08T22:00:00.000Z","end":"2018-10-09T21:59:59.999Z"},"10.10":{"start":"2018-10-09T22:00:00.000Z","end":"2018-10-10T21:59:59.999Z"},"11.10":{"start":"2018-10-10T22:00:00.000Z","end":"2018-10-11T21:59:59.999Z"},"12.10":{"start":"2018-10-11T22:00:00.000Z","end":"2018-10-12T21:59:59.999Z"},"13.10":{"start":"2018-10-12T22:00:00.000Z","end":"2018-10-13T21:59:59.999Z"},"14.10":{"start":"2018-10-13T22:00:00.000Z","end":"2018-10-14T21:59:59.999Z"},"15.10":{"start":"2018-10-14T22:00:00.000Z","end":"2018-10-15T21:59:59.999Z"},"16.10":{"start":"2018-10-15T22:00:00.000Z","end":"2018-10-16T21:59:59.999Z"},"17.10":{"start":"2018-10-16T22:00:00.000Z","end":"2018-10-17T21:59:59.999Z"},"18.10":{"start":"2018-10-17T22:00:00.000Z","end":"2018-10-18T21:59:59.999Z"},"19.10":{"start":"2018-10-18T22:00:00.000Z","end":"2018-10-19T21:59:59.999Z"},"20.10":{"start":"2018-10-19T22:00:00.000Z","end":"2018-10-20T21:59:59.999Z"},"21.10":{"start":"2018-10-20T22:00:00.000Z","end":"2018-10-21T21:59:59.999Z"},"22.10":{"start":"2018-10-21T22:00:00.000Z","end":"2018-10-22T21:59:59.999Z"},"23.10":{"start":"2018-10-22T22:00:00.000Z","end":"2018-10-23T21:59:59.999Z"},"24.10":{"start":"2018-10-23T22:00:00.000Z","end":"2018-10-24T21:59:59.999Z"},"25.10":{"start":"2018-10-24T22:00:00.000Z","end":"2018-10-25T21:59:59.999Z"},"26.10":{"start":"2018-10-25T22:00:00.000Z","end":"2018-10-26T21:59:59.999Z"},"27.10":{"start":"2018-10-26T22:00:00.000Z","end":"2018-10-27T21:59:59.999Z"},"28.10":{"start":"2018-10-27T22:00:00.000Z","end":"2018-10-28T22:59:59.999Z"},"29.10":{"start":"2018-10-28T23:00:00.000Z","end":"2018-10-29T22:59:59.999Z"},"30.10":{"start":"2018-10-29T23:00:00.000Z","end":"2018-10-30T22:59:59.999Z"},"31.10":{"start":"2018-10-30T23:00:00.000Z","end":"2018-10-31T22:59:59.999Z"}}}},"query":{"createdAt":{}}}
</div>
`;

exports[`makeStat timeStep test:  local timeStepTimeDistance noquery 1`] = `
<div
  class="stat"
>
  {"collection":"timeStep","configId":"timeStepTimeDistance","stat":{"31.10":0},"config":{"type":"timeStep","id":"timeStepTimeDistance","options":{"subType":"avgPrevTimeDistance","subConfig":{"itemPath":"createdAt"}}},"query":{"createdAt":{}}}
</div>
`;

exports[`makeStat timeStep test:  local timeStepTimeDistance year query 1`] = `
<div
  class="stat"
>
  {"collection":"timeStep","configId":"timeStepTimeDistance","stat":{"01.2018":0,"02.2018":172799996,"03.2018":172559997.26666668,"04.2018":172799997.57142857,"05.2018":172799997.7142857,"06.2018":172799997.85714287,"07.2018":172799997.73333332,"08.2018":172799997.7857143,"09.2018":172799997.2857143,"10.2018":173039995.33333334,"11.2018":172800002.2142857,"12.2018":172800002.66666666},"config":{"type":"timeStep","id":"timeStepTimeDistance","options":{"subType":"avgPrevTimeDistance","subConfig":{"itemPath":"createdAt"},"timeSteps":{"01.2018":{"start":"2017-12-31T23:00:00.000Z","end":"2018-01-31T22:59:59.999Z"},"02.2018":{"start":"2018-01-31T23:00:00.000Z","end":"2018-02-28T22:59:59.999Z"},"03.2018":{"start":"2018-02-28T23:00:00.000Z","end":"2018-03-31T21:59:59.999Z"},"04.2018":{"start":"2018-03-31T22:00:00.000Z","end":"2018-04-30T21:59:59.999Z"},"05.2018":{"start":"2018-04-30T22:00:00.000Z","end":"2018-05-31T21:59:59.999Z"},"06.2018":{"start":"2018-05-31T22:00:00.000Z","end":"2018-06-30T21:59:59.999Z"},"07.2018":{"start":"2018-06-30T22:00:00.000Z","end":"2018-07-31T21:59:59.999Z"},"08.2018":{"start":"2018-07-31T22:00:00.000Z","end":"2018-08-31T21:59:59.999Z"},"09.2018":{"start":"2018-08-31T22:00:00.000Z","end":"2018-09-30T21:59:59.999Z"},"10.2018":{"start":"2018-09-30T22:00:00.000Z","end":"2018-10-31T22:59:59.999Z"},"11.2018":{"start":"2018-10-31T23:00:00.000Z","end":"2018-11-30T22:59:59.999Z"},"12.2018":{"start":"2018-11-30T23:00:00.000Z","end":"2018-12-31T22:59:59.999Z"}}}},"query":{"createdAt":{}}}
</div>
`;

exports[`makeStat timeStep test:  online timeStepSum month query 1`] = `
<div
  class="stat"
>
  {"collection":"timeStep","configId":"timeStepSum","stat":{"01.10":1,"02.10":0,"03.10":1,"04.10":0,"05.10":1,"06.10":0,"07.10":1,"08.10":0,"09.10":1,"10.10":0,"11.10":1,"12.10":0,"13.10":1,"14.10":0,"15.10":1,"16.10":0,"17.10":1,"18.10":0,"19.10":1,"20.10":0,"21.10":1,"22.10":0,"23.10":1,"24.10":0,"25.10":1,"26.10":0,"27.10":1,"28.10":0,"29.10":1,"30.10":0,"31.10":1},"config":{"type":"timeStep","id":"timeStepSum","options":{"subType":"sum","timeSteps":{"01.10":{"start":"2018-09-30T22:00:00.000Z","end":"2018-10-01T21:59:59.999Z"},"02.10":{"start":"2018-10-01T22:00:00.000Z","end":"2018-10-02T21:59:59.999Z"},"03.10":{"start":"2018-10-02T22:00:00.000Z","end":"2018-10-03T21:59:59.999Z"},"04.10":{"start":"2018-10-03T22:00:00.000Z","end":"2018-10-04T21:59:59.999Z"},"05.10":{"start":"2018-10-04T22:00:00.000Z","end":"2018-10-05T21:59:59.999Z"},"06.10":{"start":"2018-10-05T22:00:00.000Z","end":"2018-10-06T21:59:59.999Z"},"07.10":{"start":"2018-10-06T22:00:00.000Z","end":"2018-10-07T21:59:59.999Z"},"08.10":{"start":"2018-10-07T22:00:00.000Z","end":"2018-10-08T21:59:59.999Z"},"09.10":{"start":"2018-10-08T22:00:00.000Z","end":"2018-10-09T21:59:59.999Z"},"10.10":{"start":"2018-10-09T22:00:00.000Z","end":"2018-10-10T21:59:59.999Z"},"11.10":{"start":"2018-10-10T22:00:00.000Z","end":"2018-10-11T21:59:59.999Z"},"12.10":{"start":"2018-10-11T22:00:00.000Z","end":"2018-10-12T21:59:59.999Z"},"13.10":{"start":"2018-10-12T22:00:00.000Z","end":"2018-10-13T21:59:59.999Z"},"14.10":{"start":"2018-10-13T22:00:00.000Z","end":"2018-10-14T21:59:59.999Z"},"15.10":{"start":"2018-10-14T22:00:00.000Z","end":"2018-10-15T21:59:59.999Z"},"16.10":{"start":"2018-10-15T22:00:00.000Z","end":"2018-10-16T21:59:59.999Z"},"17.10":{"start":"2018-10-16T22:00:00.000Z","end":"2018-10-17T21:59:59.999Z"},"18.10":{"start":"2018-10-17T22:00:00.000Z","end":"2018-10-18T21:59:59.999Z"},"19.10":{"start":"2018-10-18T22:00:00.000Z","end":"2018-10-19T21:59:59.999Z"},"20.10":{"start":"2018-10-19T22:00:00.000Z","end":"2018-10-20T21:59:59.999Z"},"21.10":{"start":"2018-10-20T22:00:00.000Z","end":"2018-10-21T21:59:59.999Z"},"22.10":{"start":"2018-10-21T22:00:00.000Z","end":"2018-10-22T21:59:59.999Z"},"23.10":{"start":"2018-10-22T22:00:00.000Z","end":"2018-10-23T21:59:59.999Z"},"24.10":{"start":"2018-10-23T22:00:00.000Z","end":"2018-10-24T21:59:59.999Z"},"25.10":{"start":"2018-10-24T22:00:00.000Z","end":"2018-10-25T21:59:59.999Z"},"26.10":{"start":"2018-10-25T22:00:00.000Z","end":"2018-10-26T21:59:59.999Z"},"27.10":{"start":"2018-10-26T22:00:00.000Z","end":"2018-10-27T21:59:59.999Z"},"28.10":{"start":"2018-10-27T22:00:00.000Z","end":"2018-10-28T22:59:59.999Z"},"29.10":{"start":"2018-10-28T23:00:00.000Z","end":"2018-10-29T22:59:59.999Z"},"30.10":{"start":"2018-10-29T23:00:00.000Z","end":"2018-10-30T22:59:59.999Z"},"31.10":{"start":"2018-10-30T23:00:00.000Z","end":"2018-10-31T22:59:59.999Z"}}}},"query":{"createdAt":{}}}
</div>
`;

exports[`makeStat timeStep test:  online timeStepSum noquery 1`] = `
<div
  class="stat"
>
  {"collection":"timeStep","configId":"timeStepSum","stat":{"31.10":1},"config":{"type":"timeStep","id":"timeStepSum","options":{"subType":"sum"}},"query":{"createdAt":{}}}
</div>
`;

exports[`makeStat timeStep test:  online timeStepSum year query 1`] = `
<div
  class="stat"
>
  {"collection":"timeStep","configId":"timeStepSum","stat":{"01.2018":0,"02.2018":2,"03.2018":16,"04.2018":15,"05.2018":15,"06.2018":15,"07.2018":16,"08.2018":15,"09.2018":15,"10.2018":16,"11.2018":15,"12.2018":16},"config":{"type":"timeStep","id":"timeStepSum","options":{"subType":"sum","timeSteps":{"01.2018":{"start":"2017-12-31T23:00:00.000Z","end":"2018-01-31T22:59:59.999Z"},"02.2018":{"start":"2018-01-31T23:00:00.000Z","end":"2018-02-28T22:59:59.999Z"},"03.2018":{"start":"2018-02-28T23:00:00.000Z","end":"2018-03-31T21:59:59.999Z"},"04.2018":{"start":"2018-03-31T22:00:00.000Z","end":"2018-04-30T21:59:59.999Z"},"05.2018":{"start":"2018-04-30T22:00:00.000Z","end":"2018-05-31T21:59:59.999Z"},"06.2018":{"start":"2018-05-31T22:00:00.000Z","end":"2018-06-30T21:59:59.999Z"},"07.2018":{"start":"2018-06-30T22:00:00.000Z","end":"2018-07-31T21:59:59.999Z"},"08.2018":{"start":"2018-07-31T22:00:00.000Z","end":"2018-08-31T21:59:59.999Z"},"09.2018":{"start":"2018-08-31T22:00:00.000Z","end":"2018-09-30T21:59:59.999Z"},"10.2018":{"start":"2018-09-30T22:00:00.000Z","end":"2018-10-31T22:59:59.999Z"},"11.2018":{"start":"2018-10-31T23:00:00.000Z","end":"2018-11-30T22:59:59.999Z"},"12.2018":{"start":"2018-11-30T23:00:00.000Z","end":"2018-12-31T22:59:59.999Z"}}}},"query":{"createdAt":{}}}
</div>
`;

exports[`makeStat timeStep test:  online timeStepSumPath month query 1`] = `
<div
  class="stat"
>
  {"collection":"timeStep","configId":"timeStepSumPath","stat":{"01.10":60,"02.10":0,"03.10":56,"04.10":0,"05.10":52,"06.10":0,"07.10":48,"08.10":0,"09.10":44,"10.10":0,"11.10":40,"12.10":0,"13.10":36,"14.10":0,"15.10":32,"16.10":0,"17.10":28,"18.10":0,"19.10":24,"20.10":0,"21.10":20,"22.10":0,"23.10":16,"24.10":0,"25.10":12,"26.10":0,"27.10":8,"28.10":0,"29.10":4,"30.10":0,"31.10":0},"config":{"type":"timeStep","id":"timeStepSumPath","options":{"subType":"sum","subConfig":{"itemPath":"myNum"},"timeSteps":{"01.10":{"start":"2018-09-30T22:00:00.000Z","end":"2018-10-01T21:59:59.999Z"},"02.10":{"start":"2018-10-01T22:00:00.000Z","end":"2018-10-02T21:59:59.999Z"},"03.10":{"start":"2018-10-02T22:00:00.000Z","end":"2018-10-03T21:59:59.999Z"},"04.10":{"start":"2018-10-03T22:00:00.000Z","end":"2018-10-04T21:59:59.999Z"},"05.10":{"start":"2018-10-04T22:00:00.000Z","end":"2018-10-05T21:59:59.999Z"},"06.10":{"start":"2018-10-05T22:00:00.000Z","end":"2018-10-06T21:59:59.999Z"},"07.10":{"start":"2018-10-06T22:00:00.000Z","end":"2018-10-07T21:59:59.999Z"},"08.10":{"start":"2018-10-07T22:00:00.000Z","end":"2018-10-08T21:59:59.999Z"},"09.10":{"start":"2018-10-08T22:00:00.000Z","end":"2018-10-09T21:59:59.999Z"},"10.10":{"start":"2018-10-09T22:00:00.000Z","end":"2018-10-10T21:59:59.999Z"},"11.10":{"start":"2018-10-10T22:00:00.000Z","end":"2018-10-11T21:59:59.999Z"},"12.10":{"start":"2018-10-11T22:00:00.000Z","end":"2018-10-12T21:59:59.999Z"},"13.10":{"start":"2018-10-12T22:00:00.000Z","end":"2018-10-13T21:59:59.999Z"},"14.10":{"start":"2018-10-13T22:00:00.000Z","end":"2018-10-14T21:59:59.999Z"},"15.10":{"start":"2018-10-14T22:00:00.000Z","end":"2018-10-15T21:59:59.999Z"},"16.10":{"start":"2018-10-15T22:00:00.000Z","end":"2018-10-16T21:59:59.999Z"},"17.10":{"start":"2018-10-16T22:00:00.000Z","end":"2018-10-17T21:59:59.999Z"},"18.10":{"start":"2018-10-17T22:00:00.000Z","end":"2018-10-18T21:59:59.999Z"},"19.10":{"start":"2018-10-18T22:00:00.000Z","end":"2018-10-19T21:59:59.999Z"},"20.10":{"start":"2018-10-19T22:00:00.000Z","end":"2018-10-20T21:59:59.999Z"},"21.10":{"start":"2018-10-20T22:00:00.000Z","end":"2018-10-21T21:59:59.999Z"},"22.10":{"start":"2018-10-21T22:00:00.000Z","end":"2018-10-22T21:59:59.999Z"},"23.10":{"start":"2018-10-22T22:00:00.000Z","end":"2018-10-23T21:59:59.999Z"},"24.10":{"start":"2018-10-23T22:00:00.000Z","end":"2018-10-24T21:59:59.999Z"},"25.10":{"start":"2018-10-24T22:00:00.000Z","end":"2018-10-25T21:59:59.999Z"},"26.10":{"start":"2018-10-25T22:00:00.000Z","end":"2018-10-26T21:59:59.999Z"},"27.10":{"start":"2018-10-26T22:00:00.000Z","end":"2018-10-27T21:59:59.999Z"},"28.10":{"start":"2018-10-27T22:00:00.000Z","end":"2018-10-28T22:59:59.999Z"},"29.10":{"start":"2018-10-28T23:00:00.000Z","end":"2018-10-29T22:59:59.999Z"},"30.10":{"start":"2018-10-29T23:00:00.000Z","end":"2018-10-30T22:59:59.999Z"},"31.10":{"start":"2018-10-30T23:00:00.000Z","end":"2018-10-31T22:59:59.999Z"}}}},"query":{"createdAt":{}}}
</div>
`;

exports[`makeStat timeStep test:  online timeStepSumPath noquery 1`] = `
<div
  class="stat"
>
  {"collection":"timeStep","configId":"timeStepSumPath","stat":{"31.10":0},"config":{"type":"timeStep","id":"timeStepSumPath","options":{"subType":"sum","subConfig":{"itemPath":"myNum"}}},"query":{"createdAt":{}}}
</div>
`;

exports[`makeStat timeStep test:  online timeStepSumPath year query 1`] = `
<div
  class="stat"
>
  {"collection":"timeStep","configId":"timeStepSumPath","stat":{"01.2018":0,"02.2018":988,"03.2018":7328,"04.2018":5940,"05.2018":5040,"06.2018":4140,"07.2018":3424,"08.2018":2280,"09.2018":1380,"10.2018":480,"11.2018":450,"12.2018":1472},"config":{"type":"timeStep","id":"timeStepSumPath","options":{"subType":"sum","subConfig":{"itemPath":"myNum"},"timeSteps":{"01.2018":{"start":"2017-12-31T23:00:00.000Z","end":"2018-01-31T22:59:59.999Z"},"02.2018":{"start":"2018-01-31T23:00:00.000Z","end":"2018-02-28T22:59:59.999Z"},"03.2018":{"start":"2018-02-28T23:00:00.000Z","end":"2018-03-31T21:59:59.999Z"},"04.2018":{"start":"2018-03-31T22:00:00.000Z","end":"2018-04-30T21:59:59.999Z"},"05.2018":{"start":"2018-04-30T22:00:00.000Z","end":"2018-05-31T21:59:59.999Z"},"06.2018":{"start":"2018-05-31T22:00:00.000Z","end":"2018-06-30T21:59:59.999Z"},"07.2018":{"start":"2018-06-30T22:00:00.000Z","end":"2018-07-31T21:59:59.999Z"},"08.2018":{"start":"2018-07-31T22:00:00.000Z","end":"2018-08-31T21:59:59.999Z"},"09.2018":{"start":"2018-08-31T22:00:00.000Z","end":"2018-09-30T21:59:59.999Z"},"10.2018":{"start":"2018-09-30T22:00:00.000Z","end":"2018-10-31T22:59:59.999Z"},"11.2018":{"start":"2018-10-31T23:00:00.000Z","end":"2018-11-30T22:59:59.999Z"},"12.2018":{"start":"2018-11-30T23:00:00.000Z","end":"2018-12-31T22:59:59.999Z"}}}},"query":{"createdAt":{}}}
</div>
`;

exports[`makeStat timeStep test:  online timeStepTimeDistance month query 1`] = `
<div
  class="stat"
>
  {"collection":"timeStep","configId":"timeStepTimeDistance","stat":{"01.10":0,"02.10":0,"03.10":0,"04.10":0,"05.10":0,"06.10":0,"07.10":0,"08.10":0,"09.10":0,"10.10":0,"11.10":0,"12.10":0,"13.10":0,"14.10":0,"15.10":0,"16.10":0,"17.10":0,"18.10":0,"19.10":0,"20.10":0,"21.10":0,"22.10":0,"23.10":0,"24.10":0,"25.10":0,"26.10":0,"27.10":0,"28.10":0,"29.10":0,"30.10":0,"31.10":0},"config":{"type":"timeStep","id":"timeStepTimeDistance","options":{"subType":"avgPrevTimeDistance","subConfig":{"itemPath":"createdAt"},"timeSteps":{"01.10":{"start":"2018-09-30T22:00:00.000Z","end":"2018-10-01T21:59:59.999Z"},"02.10":{"start":"2018-10-01T22:00:00.000Z","end":"2018-10-02T21:59:59.999Z"},"03.10":{"start":"2018-10-02T22:00:00.000Z","end":"2018-10-03T21:59:59.999Z"},"04.10":{"start":"2018-10-03T22:00:00.000Z","end":"2018-10-04T21:59:59.999Z"},"05.10":{"start":"2018-10-04T22:00:00.000Z","end":"2018-10-05T21:59:59.999Z"},"06.10":{"start":"2018-10-05T22:00:00.000Z","end":"2018-10-06T21:59:59.999Z"},"07.10":{"start":"2018-10-06T22:00:00.000Z","end":"2018-10-07T21:59:59.999Z"},"08.10":{"start":"2018-10-07T22:00:00.000Z","end":"2018-10-08T21:59:59.999Z"},"09.10":{"start":"2018-10-08T22:00:00.000Z","end":"2018-10-09T21:59:59.999Z"},"10.10":{"start":"2018-10-09T22:00:00.000Z","end":"2018-10-10T21:59:59.999Z"},"11.10":{"start":"2018-10-10T22:00:00.000Z","end":"2018-10-11T21:59:59.999Z"},"12.10":{"start":"2018-10-11T22:00:00.000Z","end":"2018-10-12T21:59:59.999Z"},"13.10":{"start":"2018-10-12T22:00:00.000Z","end":"2018-10-13T21:59:59.999Z"},"14.10":{"start":"2018-10-13T22:00:00.000Z","end":"2018-10-14T21:59:59.999Z"},"15.10":{"start":"2018-10-14T22:00:00.000Z","end":"2018-10-15T21:59:59.999Z"},"16.10":{"start":"2018-10-15T22:00:00.000Z","end":"2018-10-16T21:59:59.999Z"},"17.10":{"start":"2018-10-16T22:00:00.000Z","end":"2018-10-17T21:59:59.999Z"},"18.10":{"start":"2018-10-17T22:00:00.000Z","end":"2018-10-18T21:59:59.999Z"},"19.10":{"start":"2018-10-18T22:00:00.000Z","end":"2018-10-19T21:59:59.999Z"},"20.10":{"start":"2018-10-19T22:00:00.000Z","end":"2018-10-20T21:59:59.999Z"},"21.10":{"start":"2018-10-20T22:00:00.000Z","end":"2018-10-21T21:59:59.999Z"},"22.10":{"start":"2018-10-21T22:00:00.000Z","end":"2018-10-22T21:59:59.999Z"},"23.10":{"start":"2018-10-22T22:00:00.000Z","end":"2018-10-23T21:59:59.999Z"},"24.10":{"start":"2018-10-23T22:00:00.000Z","end":"2018-10-24T21:59:59.999Z"},"25.10":{"start":"2018-10-24T22:00:00.000Z","end":"2018-10-25T21:59:59.999Z"},"26.10":{"start":"2018-10-25T22:00:00.000Z","end":"2018-10-26T21:59:59.999Z"},"27.10":{"start":"2018-10-26T22:00:00.000Z","end":"2018-10-27T21:59:59.999Z"},"28.10":{"start":"2018-10-27T22:00:00.000Z","end":"2018-10-28T22:59:59.999Z"},"29.10":{"start":"2018-10-28T23:00:00.000Z","end":"2018-10-29T22:59:59.999Z"},"30.10":{"start":"2018-10-29T23:00:00.000Z","end":"2018-10-30T22:59:59.999Z"},"31.10":{"start":"2018-10-30T23:00:00.000Z","end":"2018-10-31T22:59:59.999Z"}}}},"query":{"createdAt":{}}}
</div>
`;

exports[`makeStat timeStep test:  online timeStepTimeDistance noquery 1`] = `
<div
  class="stat"
>
  {"collection":"timeStep","configId":"timeStepTimeDistance","stat":{"31.10":0},"config":{"type":"timeStep","id":"timeStepTimeDistance","options":{"subType":"avgPrevTimeDistance","subConfig":{"itemPath":"createdAt"}}},"query":{"createdAt":{}}}
</div>
`;

exports[`makeStat timeStep test:  online timeStepTimeDistance year query 1`] = `
<div
  class="stat"
>
  {"collection":"timeStep","configId":"timeStepTimeDistance","stat":{"01.2018":0,"02.2018":172799996,"03.2018":172559997.26666668,"04.2018":172799997.57142857,"05.2018":172799997.7142857,"06.2018":172799997.85714287,"07.2018":172799997.73333332,"08.2018":172799997.7857143,"09.2018":172799997.2857143,"10.2018":173039995.33333334,"11.2018":172800002.2142857,"12.2018":172800002.66666666},"config":{"type":"timeStep","id":"timeStepTimeDistance","options":{"subType":"avgPrevTimeDistance","subConfig":{"itemPath":"createdAt"},"timeSteps":{"01.2018":{"start":"2017-12-31T23:00:00.000Z","end":"2018-01-31T22:59:59.999Z"},"02.2018":{"start":"2018-01-31T23:00:00.000Z","end":"2018-02-28T22:59:59.999Z"},"03.2018":{"start":"2018-02-28T23:00:00.000Z","end":"2018-03-31T21:59:59.999Z"},"04.2018":{"start":"2018-03-31T22:00:00.000Z","end":"2018-04-30T21:59:59.999Z"},"05.2018":{"start":"2018-04-30T22:00:00.000Z","end":"2018-05-31T21:59:59.999Z"},"06.2018":{"start":"2018-05-31T22:00:00.000Z","end":"2018-06-30T21:59:59.999Z"},"07.2018":{"start":"2018-06-30T22:00:00.000Z","end":"2018-07-31T21:59:59.999Z"},"08.2018":{"start":"2018-07-31T22:00:00.000Z","end":"2018-08-31T21:59:59.999Z"},"09.2018":{"start":"2018-08-31T22:00:00.000Z","end":"2018-09-30T21:59:59.999Z"},"10.2018":{"start":"2018-09-30T22:00:00.000Z","end":"2018-10-31T22:59:59.999Z"},"11.2018":{"start":"2018-10-31T23:00:00.000Z","end":"2018-11-30T22:59:59.999Z"},"12.2018":{"start":"2018-11-30T23:00:00.000Z","end":"2018-12-31T22:59:59.999Z"}}}},"query":{"createdAt":{}}}
</div>
`;
