// Jest Snapshot v1, https://goo.gl/fbAQLP

exports[`verify sum caluclation: configless mean of mockData 1`] = `191808000000`;
