// Jest Snapshot v1, https://goo.gl/fbAQLP

exports[`makeStat test: regular 1`] = `5`;

exports[`makeStat test: withCoinfig 1`] = `88`;
